// Jest Snapshot v1, https://goo.gl/fbAQLP

exports[`create-schema-customization builds schema based on Contentful Content Model 1`] = `
Array [
  Array [
    Object {
      "extensions": Object {
        "dontInfer": Object {},
      },
      "fields": Object {
        "description": Object {
          "type": "String!",
        },
        "displayField": Object {
          "type": "String!",
        },
        "id": Object {
          "type": "ID!",
        },
        "name": Object {
          "type": "String!",
        },
      },
      "interfaces": Array [
        "Node",
      ],
      "name": "ContentfulContentType",
    },
  ],
  Array [
    Object {
      "extensions": Object {
        "dontInfer": Object {},
      },
      "fields": Object {
        "contentType": Object {
          "extensions": Object {
            "link": Object {
              "by": "id",
              "from": "sys.contentType",
            },
          },
          "type": "ContentfulContentType",
        },
        "environmentId": Object {
          "type": " String!",
        },
        "firstPublishedAt": Object {
          "type": " Date!",
        },
        "id": Object {
          "type": " String!",
        },
        "locale": Object {
          "type": " String!",
        },
        "publishedAt": Object {
          "type": " Date!",
        },
        "publishedVersion": Object {
          "type": " Int!",
        },
        "spaceId": Object {
          "type": " String!",
        },
        "type": Object {
          "type": " String!",
        },
      },
      "interfaces": Array [
        "Node",
      ],
      "name": "ContentfulSys",
    },
  ],
  Array [
    Object {
      "extensions": Object {
        "dontInfer": Object {},
      },
      "fields": Object {
        "contentful_id": Object {
          "type": "String!",
        },
        "id": Object {
          "type": "ID!",
        },
        "name": Object {
          "type": "String!",
        },
      },
      "interfaces": Array [
        "Node",
      ],
      "name": "ContentfulTag",
    },
  ],
  Array [
    Object {
      "extensions": Object {
        "dontInfer": Object {},
      },
      "fields": Object {
        "tags": Object {
          "extensions": Object {
            "link": Object {
              "by": "id",
              "from": "tags",
            },
          },
          "type": "[ContentfulTag]!",
        },
      },
      "name": "ContentfulMetadata",
    },
  ],
  Array [
    Object {
      "extensions": Object {
        "dontInfer": Object {},
      },
      "fields": Object {
        "ContentfulContentTypeContentReference": Object {
          "extensions": Object {
            "link": Object {
              "by": "id",
              "from": "ContentfulContentTypeContentReference",
            },
          },
          "type": "[ContentfulContentTypeContentReference]",
        },
        "ContentfulContentTypeMediaReference": Object {
          "extensions": Object {
            "link": Object {
              "by": "id",
              "from": "ContentfulContentTypeMediaReference",
            },
          },
          "type": "[ContentfulContentTypeMediaReference]",
        },
        "ContentfulContentTypeValidatedContentReference": Object {
          "extensions": Object {
            "link": Object {
              "by": "id",
              "from": "ContentfulContentTypeValidatedContentReference",
            },
          },
          "type": "[ContentfulContentTypeValidatedContentReference]",
        },
      },
      "name": "ContentfulLinkedFrom",
    },
  ],
  Array [
    Object {
      "extensions": Object {
        "dontInfer": Object {},
      },
      "fields": Object {
        "contentType": Object {
          "type": "String!",
        },
        "description": Object {
          "type": "String",
        },
        "filename": Object {
          "type": "String!",
        },
        "gatsbyImageData": Object {
          "args": Object {
            "aspectRatio": Object {
              "description": "If set along with width or height, this will set the value of the other dimension to match the provided aspect ratio, cropping the image if needed.
If neither width or height is provided, height will be set based on the intrinsic width of the source image.",
              "type": "Float",
            },
            "backgroundColor": Object {
              "description": "Background color applied to the wrapper, or when \\"letterboxing\\" an image to another aspect ratio.",
              "type": "String",
            },
            "breakpoints": Object {
              "description": "Specifies the image widths to generate. You should rarely need to change this. For FIXED and CONSTRAINED images it is better to allow these to be determined automatically,
based on the image size. For FULL_WIDTH images this can be used to override the default, which is [750, 1080, 1366, 1920].
It will never generate any images larger than the source.",
              "type": "[Int]",
            },
            "cornerRadius": Object {
              "defaultValue": 0,
              "description": "Desired corner radius in pixels. Results in an image with rounded corners.
Pass \`-1\` for a full circle/ellipse.",
              "type": "Int",
            },
            "cropFocus": Object {
              "type": "ContentfulImageCropFocus",
            },
            "formats": Object {
              "defaultValue": Array [
                "",
                "webp",
              ],
              "description": "The image formats to generate. Valid values are AUTO (meaning the same format as the source image), JPG, PNG, WEBP and AVIF.
The default value is [AUTO, WEBP], and you should rarely need to change this. Take care if you specify JPG or PNG when you do
not know the formats of the source images, as this could lead to unwanted results such as converting JPEGs to PNGs. Specifying
both PNG and JPG is not supported and will be ignored.",
              "type": "[GatsbyImageFormat]",
            },
            "height": Object {
              "description": "If set, the height of the generated image. If omitted, it is calculated from the supplied width, matching the aspect ratio of the source image.",
              "type": "Int",
            },
            "jpegProgressive": Object {
              "defaultValue": true,
              "type": "Boolean",
            },
            "layout": Object {
              "description": "The layout for the image.
FIXED: A static image sized, that does not resize according to the screen width
FULL_WIDTH: The image resizes to fit its container. Pass a \\"sizes\\" option if it isn't going to be the full width of the screen.
CONSTRAINED: Resizes to fit its container, up to a maximum width, at which point it will remain fixed in size.",
              "type": "GatsbyImageLayout",
            },
            "outputPixelDensities": Object {
              "description": "A list of image pixel densities to generate for FIXED and CONSTRAINED images. You should rarely need to change this. It will never generate images larger than the source, and will always include a 1x image.
Default is [ 1, 2 ] for fixed images, meaning 1x, 2x, 3x, and [0.25, 0.5, 1, 2] for fluid. In this case, an image with a fluid layout and width = 400 would generate images at 100, 200, 400 and 800px wide.",
              "type": "[Float]",
            },
            "placeholder": Object {
              "description": "Format of generated placeholder image, displayed while the main image loads.
BLURRED: a blurred, low resolution image, encoded as a base64 data URI.
DOMINANT_COLOR: a solid color, calculated from the dominant color of the image (default).
TRACED_SVG: deprecated. Will use DOMINANT_COLOR.
NONE: no placeholder. Set the argument \\"backgroundColor\\" to use a fixed background color.",
              "type": "GatsbyImagePlaceholder",
            },
            "quality": Object {
              "defaultValue": 50,
              "type": "Int",
            },
            "resizingBehavior": Object {
              "type": "ImageResizingBehavior",
            },
            "sizes": Object {
              "description": "The \\"sizes\\" property, passed to the img tag. This describes the display size of the image.
This does not affect the generated images, but is used by the browser to decide which images to download. You can leave this blank for fixed images, or if the responsive image
container will be the full width of the screen. In these cases we will generate an appropriate value.",
              "type": "String",
            },
            "width": Object {
              "description": "The display width of the generated image for layout = FIXED, and the display width of the largest image for layout = CONSTRAINED.
The actual largest image resolution will be this value multiplied by the largest value in outputPixelDensities
Ignored if layout = FLUID.",
              "type": "Int",
            },
          },
          "resolve": [Function],
          "type": "JSON",
        },
        "height": Object {
          "type": "Int",
        },
        "id": Object {
          "type": "ID!",
        },
        "linkedFrom": Object {
          "type": "ContentfulLinkedFrom",
        },
        "metadata": Object {
          "type": "ContentfulMetadata!",
        },
        "mimeType": Object {
          "type": "String!",
        },
        "size": Object {
          "type": "Int",
        },
        "sys": Object {
          "type": "ContentfulSys!",
        },
        "title": Object {
          "type": "String",
        },
        "url": Object {
          "type": "String!",
        },
        "width": Object {
          "type": "Int",
        },
      },
      "interfaces": Array [
        "ContentfulEntity",
        "Node",
        "RemoteFile",
      ],
      "name": "ContentfulAsset",
    },
  ],
  Array [
    Object {
      "fields": Object {
        "block": Object {
          "resolve": [Function],
          "type": "[ContentfulAsset]!",
        },
        "hyperlink": Object {
          "resolve": [Function],
          "type": "[ContentfulAsset]!",
        },
      },
      "name": "ContentfulRichTextAssets",
    },
  ],
  Array [
    Object {
      "fields": Object {
        "block": Object {
          "resolve": [Function],
          "type": "[ContentfulEntry]!",
        },
        "hyperlink": Object {
          "resolve": [Function],
          "type": "[ContentfulEntry]!",
        },
        "inline": Object {
          "resolve": [Function],
          "type": "[ContentfulEntry]!",
        },
      },
      "name": "ContentfulRichTextEntries",
    },
  ],
  Array [
    Object {
      "fields": Object {
        "assets": Object {
          "resolve": [Function],
          "type": "ContentfulRichTextAssets",
        },
        "entries": Object {
          "resolve": [Function],
          "type": "ContentfulRichTextEntries",
        },
      },
      "name": "ContentfulRichTextLinks",
    },
  ],
  Array [
    Object {
      "extensions": Object {
        "dontInfer": Object {},
      },
      "fields": Object {
        "json": Object {
          "resolve": [Function],
          "type": "JSON",
        },
        "links": Object {
          "resolve": [Function],
          "type": "ContentfulRichTextLinks",
        },
      },
      "name": "ContentfulRichText",
    },
  ],
  Array [
    Object {
      "extensions": Object {
        "dontInfer": Object {},
      },
      "fields": Object {
        "lat": Object {
          "type": "Float!",
        },
        "lon": Object {
          "type": "Float!",
        },
      },
      "name": "ContentfulLocation",
    },
  ],
  Array [
    Object {
      "extensions": Object {
        "dontInfer": Object {},
      },
      "fields": Object {
        "raw": "String!",
      },
      "interfaces": Array [
        "Node",
      ],
      "name": "ContentfulText",
    },
  ],
  Array [
    Object {
      "extensions": Object {
        "dontInfer": Object {},
      },
      "fields": Object {
        "decimal": Object {
          "type": "Float",
        },
        "decimalLocalized": Object {
          "type": "Float",
        },
        "id": Object {
          "type": "ID!",
        },
        "integer": Object {
          "type": "Int",
        },
        "integerLocalized": Object {
          "type": "Int",
        },
        "linkedFrom": "ContentfulLinkedFrom",
        "metadata": Object {
          "type": "ContentfulMetadata!",
        },
        "sys": Object {
          "type": "ContentfulSys!",
        },
        "title": Object {
          "type": "String",
        },
      },
      "interfaces": Array [
        "ContentfulEntity",
        "ContentfulEntry",
        "Node",
      ],
      "name": "ContentfulContentTypeNumber",
    },
  ],
  Array [
    Object {
      "extensions": Object {
        "dontInfer": Object {},
      },
      "fields": Object {
        "id": Object {
          "type": "ID!",
        },
        "linkedFrom": "ContentfulLinkedFrom",
        "longLocalized": Object {
          "extensions": Object {
            "link": Object {
              "by": "id",
              "from": "longLocalized",
            },
          },
          "type": "ContentfulText",
        },
        "longMarkdown": Object {
          "extensions": Object {
            "link": Object {
              "by": "id",
              "from": "longMarkdown",
            },
          },
          "type": "ContentfulText",
        },
        "longPlain": Object {
          "extensions": Object {
            "link": Object {
              "by": "id",
              "from": "longPlain",
            },
          },
          "type": "ContentfulText",
        },
        "metadata": Object {
          "type": "ContentfulMetadata!",
        },
        "short": Object {
          "type": "String",
        },
        "shortList": Object {
          "type": "[String]",
        },
        "shortListLocalized": Object {
          "type": "[String]",
        },
        "shortLocalized": Object {
          "type": "String",
        },
        "sys": Object {
          "type": "ContentfulSys!",
        },
        "title": Object {
          "type": "String",
        },
      },
      "interfaces": Array [
        "ContentfulEntity",
        "ContentfulEntry",
        "Node",
      ],
      "name": "ContentfulContentTypeText",
    },
  ],
  Array [
    Object {
      "extensions": Object {
        "dontInfer": Object {},
      },
      "fields": Object {
        "id": Object {
          "type": "ID!",
        },
        "linkedFrom": "ContentfulLinkedFrom",
        "many": Object {
          "extensions": Object {
            "link": Object {
              "by": "id",
              "from": "many",
            },
          },
          "type": "[ContentfulAsset]",
        },
        "manyLocalized": Object {
          "extensions": Object {
            "link": Object {
              "by": "id",
              "from": "manyLocalized",
            },
          },
          "type": "[ContentfulAsset]",
        },
        "metadata": Object {
          "type": "ContentfulMetadata!",
        },
        "one": Object {
          "extensions": Object {
            "link": Object {
              "by": "id",
              "from": "one",
            },
          },
          "type": "ContentfulAsset",
        },
        "oneLocalized": Object {
          "extensions": Object {
            "link": Object {
              "by": "id",
              "from": "oneLocalized",
            },
          },
          "type": "ContentfulAsset",
        },
        "sys": Object {
          "type": "ContentfulSys!",
        },
        "title": Object {
          "type": "String",
        },
      },
      "interfaces": Array [
        "ContentfulEntity",
        "ContentfulEntry",
        "Node",
      ],
      "name": "ContentfulContentTypeMediaReference",
    },
  ],
  Array [
    Object {
      "extensions": Object {
        "dontInfer": Object {},
      },
      "fields": Object {
        "boolean": Object {
          "type": "Boolean",
        },
        "booleanLocalized": Object {
          "type": "Boolean",
        },
        "id": Object {
          "type": "ID!",
        },
        "linkedFrom": "ContentfulLinkedFrom",
        "metadata": Object {
          "type": "ContentfulMetadata!",
        },
        "sys": Object {
          "type": "ContentfulSys!",
        },
        "title": Object {
          "type": "String",
        },
      },
      "interfaces": Array [
        "ContentfulEntity",
        "ContentfulEntry",
        "Node",
      ],
      "name": "ContentfulContentTypeBoolean",
    },
  ],
  Array [
    Object {
      "extensions": Object {
        "dontInfer": Object {},
      },
      "fields": Object {
        "date": Object {
          "extensions": Object {
            "dateformat": Object {},
          },
          "type": "Date",
        },
        "dateLocalized": Object {
          "extensions": Object {
            "dateformat": Object {},
          },
          "type": "Date",
        },
        "dateTime": Object {
          "extensions": Object {
            "dateformat": Object {},
          },
          "type": "Date",
        },
        "dateTimeTimezone": Object {
          "extensions": Object {
            "dateformat": Object {},
          },
          "type": "Date",
        },
        "id": Object {
          "type": "ID!",
        },
        "linkedFrom": "ContentfulLinkedFrom",
        "metadata": Object {
          "type": "ContentfulMetadata!",
        },
        "sys": Object {
          "type": "ContentfulSys!",
        },
        "title": Object {
          "type": "String",
        },
      },
      "interfaces": Array [
        "ContentfulEntity",
        "ContentfulEntry",
        "Node",
      ],
      "name": "ContentfulContentTypeDate",
    },
  ],
  Array [
    Object {
      "extensions": Object {
        "dontInfer": Object {},
      },
      "fields": Object {
        "id": Object {
          "type": "ID!",
        },
        "linkedFrom": "ContentfulLinkedFrom",
        "location": Object {
          "type": "ContentfulLocation",
        },
        "locationLocalized": Object {
          "type": "ContentfulLocation",
        },
        "metadata": Object {
          "type": "ContentfulMetadata!",
        },
        "sys": Object {
          "type": "ContentfulSys!",
        },
        "title": Object {
          "type": "String",
        },
      },
      "interfaces": Array [
        "ContentfulEntity",
        "ContentfulEntry",
        "Node",
      ],
      "name": "ContentfulContentTypeLocation",
    },
  ],
  Array [
    Object {
      "extensions": Object {
        "dontInfer": Object {},
      },
      "fields": Object {
        "id": Object {
          "type": "ID!",
        },
        "json": Object {
          "type": "JSON",
        },
        "jsonLocalized": Object {
          "type": "JSON",
        },
        "linkedFrom": "ContentfulLinkedFrom",
        "metadata": Object {
          "type": "ContentfulMetadata!",
        },
        "sys": Object {
          "type": "ContentfulSys!",
        },
        "title": Object {
          "type": "String",
        },
      },
      "interfaces": Array [
        "ContentfulEntity",
        "ContentfulEntry",
        "Node",
      ],
      "name": "ContentfulContentTypeJson",
    },
  ],
  Array [
    Object {
      "extensions": Object {
        "dontInfer": Object {},
      },
      "fields": Object {
        "id": Object {
          "type": "ID!",
        },
        "linkedFrom": "ContentfulLinkedFrom",
        "metadata": Object {
          "type": "ContentfulMetadata!",
        },
        "richText": Object {
          "type": "ContentfulRichText",
        },
        "richTextLocalized": Object {
          "type": "ContentfulRichText",
        },
        "richTextValidated": Object {
          "type": "ContentfulRichText",
        },
        "sys": Object {
          "type": "ContentfulSys!",
        },
        "title": Object {
          "type": "String",
        },
      },
      "interfaces": Array [
        "ContentfulEntity",
        "ContentfulEntry",
        "Node",
      ],
      "name": "ContentfulContentTypeRichText",
    },
  ],
  Array [
    Object {
      "extensions": Object {
        "dontInfer": Object {},
      },
      "fields": Object {
        "id": Object {
          "type": "ID!",
        },
        "linkedFrom": "ContentfulLinkedFrom",
        "many": Object {
          "extensions": Object {
            "link": Object {
              "by": "id",
              "from": "many",
            },
          },
          "type": "[UnionContentfulContentReferenceNumberText]",
        },
        "manyLocalized": Object {
          "extensions": Object {
            "link": Object {
              "by": "id",
              "from": "manyLocalized",
            },
          },
          "type": "[ContentfulEntry]",
        },
        "metadata": Object {
          "type": "ContentfulMetadata!",
        },
        "one": Object {
          "extensions": Object {
            "link": Object {
              "by": "id",
              "from": "one",
            },
          },
          "type": "ContentfulEntry",
        },
        "oneLocalized": Object {
          "extensions": Object {
            "link": Object {
              "by": "id",
              "from": "oneLocalized",
            },
          },
          "type": "ContentfulEntry",
        },
        "sys": Object {
          "type": "ContentfulSys!",
        },
        "title": Object {
          "type": "String",
        },
      },
      "interfaces": Array [
        "ContentfulEntity",
        "ContentfulEntry",
        "Node",
      ],
      "name": "ContentfulContentTypeContentReference",
    },
  ],
  Array [
    Object {
      "extensions": Object {
        "dontInfer": Object {},
      },
      "fields": Object {
        "id": Object {
          "type": "ID!",
        },
        "linkedFrom": "ContentfulLinkedFrom",
        "metadata": Object {
          "type": "ContentfulMetadata!",
        },
        "multipleItemsAllTypes": Object {
          "extensions": Object {
            "link": Object {
              "by": "id",
              "from": "multipleItemsAllTypes",
            },
          },
          "type": "[ContentfulEntry]",
        },
        "multipleItemsManyTypes": Object {
          "extensions": Object {
            "link": Object {
              "by": "id",
              "from": "multipleItemsManyTypes",
            },
          },
          "type": "[UnionContentfulNumberText]",
        },
        "multipleItemsSingleType": Object {
          "extensions": Object {
            "link": Object {
              "by": "id",
              "from": "multipleItemsSingleType",
            },
          },
          "type": "[ContentfulContentTypeText]",
        },
        "oneItemAllTypes": Object {
          "extensions": Object {
            "link": Object {
              "by": "id",
              "from": "oneItemAllTypes",
            },
          },
          "type": "ContentfulEntry",
        },
        "oneItemManyTypes": Object {
          "extensions": Object {
            "link": Object {
              "by": "id",
              "from": "oneItemManyTypes",
            },
          },
          "type": "UnionContentfulNumberText",
        },
        "oneItemSingleType": Object {
          "extensions": Object {
            "link": Object {
              "by": "id",
              "from": "oneItemSingleType",
            },
          },
          "type": "ContentfulContentTypeText",
        },
        "sys": Object {
          "type": "ContentfulSys!",
        },
        "title": Object {
          "type": "String",
        },
      },
      "interfaces": Array [
        "ContentfulEntity",
        "ContentfulEntry",
        "Node",
      ],
      "name": "ContentfulContentTypeValidatedContentReference",
    },
  ],
]
`;

exports[`create-schema-customization builds schema based on Contentful Content Model 2`] = `
Array [
  Array [
    Object {
      "fields": Object {
        "id": Object {
          "type": "ID!",
        },
        "metadata": Object {
          "type": "ContentfulMetadata!",
        },
        "sys": Object {
          "type": "ContentfulSys!",
        },
      },
      "interfaces": Array [
        "Node",
      ],
      "name": "ContentfulEntity",
    },
  ],
  Array [
    Object {
      "fields": Object {
        "id": Object {
          "type": "ID!",
        },
        "linkedFrom": Object {
          "type": "ContentfulLinkedFrom",
        },
        "metadata": Object {
          "type": "ContentfulMetadata!",
        },
        "sys": Object {
          "type": "ContentfulSys!",
        },
      },
      "interfaces": Array [
        "ContentfulEntity",
        "Node",
      ],
      "name": "ContentfulEntry",
    },
  ],
]
`;

exports[`create-schema-customization builds schema based on Contentful Content Model 3`] = `
Array [
  Array [
    Object {
      "name": "UnionContentfulContentReferenceNumberText",
      "types": Array [
        "ContentfulContentTypeContentReference",
        "ContentfulContentTypeNumber",
        "ContentfulContentTypeText",
      ],
    },
  ],
  Array [
    Object {
      "name": "UnionContentfulNumberText",
      "types": Array [
        "ContentfulContentTypeNumber",
        "ContentfulContentTypeText",
      ],
    },
  ],
]
`;
